#-----------------------------------------------------------
# Webtalk v2016.2 (64-bit)
# SW Build 1577090 on Thu Jun  2 16:32:35 MDT 2016
# IP Build 1577682 on Fri Jun  3 12:00:54 MDT 2016
# Start of session at: Tue Sep  7 21:18:46 2021
# Process ID: 18983
# Current directory: /home/ataberk/EasyDRAM/controller-hardware/ZC706/Vivado_Project/E2E_RowClone.sim/sim_1/behav
# Command line: wbtcv -mode batch -source /home/ataberk/EasyDRAM/controller-hardware/ZC706/Vivado_Project/E2E_RowClone.sim/sim_1/behav/xsim.dir/tb_memctl_top_behav/webtalk/xsim_webtalk.tcl -notrace
# Log file: /home/ataberk/EasyDRAM/controller-hardware/ZC706/Vivado_Project/E2E_RowClone.sim/sim_1/behav/webtalk.log
# Journal file: /home/ataberk/EasyDRAM/controller-hardware/ZC706/Vivado_Project/E2E_RowClone.sim/sim_1/behav/webtalk.jou
#-----------------------------------------------------------
source /home/ataberk/EasyDRAM/controller-hardware/ZC706/Vivado_Project/E2E_RowClone.sim/sim_1/behav/xsim.dir/tb_memctl_top_behav/webtalk/xsim_webtalk.tcl -notrace
